
#   -10         0          10
#  7  _____________________
#  6 |       6  . 6        |
#  5 |       6  . 6666   55|
#  4 |       666666666   55|
#  3 |          .          |
#  2 |          .SSSS      |
#  1 |111       .          |
#  0 |..1......333.........|
# -1 |111     33.33    4444|
# -2 |        33.33    4444|
# -3 |         3.3     44  |
# -4 |         3.3         |
# -5 |22       3.3         |
# -6 | 2       3.3         |
# -7 '"""""""""""""""""""""'
_
nb_spot = 4
nb_wall = 29

[spot_1]
position = 0, 2

[spot_2]
position = 1, 2

[spot_3]
position = 2, 2

[spot_4]
position = 3, 2

##########################################
################ Wall '1' ################
[wall_1]
pos1 = -10, 1
pos2 = -8, 1
two_sided = false

[wall_2]
pos1 = -8, 1
pos2 = -8, -1
two_sided = false

[wall_3]
pos1 = -10, -1
pos2 = -8, -1
two_sided = false
##########################################
############# Endof Wall '1' #############

##########################################
################ Wall '2' ################
[wall_4]
pos1 = -10, -5
pos2 = -9, -5
two_sided = false

[wall_5]
pos1 = -9, -5
pos2 = -9, -7
two_sided = false
##########################################
############# Endof Wall '2' #############

##########################################
################ Wall '3' ################
[wall_6]
pos1 = -1, -7
pos2 = -1, -2
two_sided = false

[wall_7]
pos1 = -2, -2
pos2 = -1, -2
two_sided = false

[wall_8]
pos1 = -2, -2
pos2 = -2, -1
two_sided = false

[wall_9]
pos1 = -2, -1
pos2 = -1, -1
two_sided = false

[wall_10]
pos1 = -1, -1
pos2 = -1, 0
two_sided = false

[wall_11]
pos1 = -1, 0
pos2 = 1, 0
two_sided = false

[wall_12]
pos1 = 1, -1
pos2 = 1, 0
two_sided = false

[wall_13]
pos1 = 2, -1
pos2 = 1, -1
two_sided = false

[wall_14]
pos1 = 2, -2
pos2 = 2, -1
two_sided = false

[wall_15]
pos1 = 2, -2
pos2 = 1, -2
two_sided = false

[wall_16]
pos1 = 1, -7
pos2 = 1, -2
two_sided = false
##########################################
############# Endof Wall '3' #############

##########################################
################ Wall '4' ################
[wall_17]
pos1 = 10, -2
pos2 = 8, -2
two_sided = false

[wall_18]
pos1 = 8, -2
pos2 = 8, -3
two_sided = false

[wall_19]
pos1 = 8, -3
pos2 = 7, -3
two_sided = false

[wall_20]
pos1 = 7, -3
pos2 = 7, -1
two_sided = false

[wall_21]
pos1 = 7, -1
pos2 = 10, -1
two_sided = false
##########################################
############# Endof Wall '4' #############

##########################################
################ Wall '5' ################
[wall_22]
pos1 = 10, 4
pos2 = 8, 4
two_sided = false

[wall_23]
pos1 = 8, 4
pos2 = 8, 5
two_sided = false

[wall_24]
pos1 = 8, 5
pos2 = 10, 5
two_sided = false
##########################################
############# Endof Wall '5' #############

##########################################
################ Wall '6' ################
[wall_25]
pos1 = 2, 5
pos2 = 2, 7
two_sided = false

[wall_26]
pos1 = -3, 7
pos2 = -3, 4
two_sided = false

[wall_27]
pos1 = -3, 4
pos2 = 5, 4
two_sided = false

[wall_28]
pos1 = 5, 4
pos2 = 5, 5
two_sided = false

[wall_29]
pos1 = 5, 5
pos2 = 2, 5
two_sided = false
##########################################
############# Endof Wall '6' #############


